Archive member included to satisfy reference by file (symbol)

h:/program files (x86)/7.0/toolchain/avr8/avr8-gnu-toolchain/bin/../lib/gcc/avr/5.4.0/avr4\libgcc.a(_udivmodhi4.o)
                              main.o (__udivmodhi4)
h:/program files (x86)/7.0/toolchain/avr8/avr8-gnu-toolchain/bin/../lib/gcc/avr/5.4.0/avr4\libgcc.a(_exit.o)
                              H:/Program Files (x86)/7.0/Packs/atmel/ATmega_DFP/1.3.300/gcc/dev/atmega8515/avr4/crtatmega8515.o (exit)
h:/program files (x86)/7.0/toolchain/avr8/avr8-gnu-toolchain/bin/../lib/gcc/avr/5.4.0/avr4\libgcc.a(_copy_data.o)
                              main.o (__do_copy_data)
h:/program files (x86)/7.0/toolchain/avr8/avr8-gnu-toolchain/bin/../lib/gcc/avr/5.4.0/avr4\libgcc.a(_clear_bss.o)
                              main.o (__do_clear_bss)
h:/program files (x86)/7.0/toolchain/avr8/avr8-gnu-toolchain/bin/../lib/gcc/avr/5.4.0/avr4\libgcc.a(_umulhisi3.o)
                              main.o (__umulhisi3)
h:/program files (x86)/7.0/toolchain/avr8/avr8-gnu-toolchain/bin/../lib/gcc/avr/5.4.0/../../../../avr/lib/avr4\libc.a(strcmp.o)
                              main.o (strcmp)
h:/program files (x86)/7.0/toolchain/avr8/avr8-gnu-toolchain/bin/../lib/gcc/avr/5.4.0/../../../../avr/lib/avr4\libc.a(sprintf.o)
                              main.o (sprintf)
h:/program files (x86)/7.0/toolchain/avr8/avr8-gnu-toolchain/bin/../lib/gcc/avr/5.4.0/../../../../avr/lib/avr4\libc.a(sscanf.o)
                              main.o (sscanf)
h:/program files (x86)/7.0/toolchain/avr8/avr8-gnu-toolchain/bin/../lib/gcc/avr/5.4.0/../../../../avr/lib/avr4\libc.a(vfprintf_std.o)
                              h:/program files (x86)/7.0/toolchain/avr8/avr8-gnu-toolchain/bin/../lib/gcc/avr/5.4.0/../../../../avr/lib/avr4\libc.a(sprintf.o) (vfprintf)
h:/program files (x86)/7.0/toolchain/avr8/avr8-gnu-toolchain/bin/../lib/gcc/avr/5.4.0/../../../../avr/lib/avr4\libc.a(vfscanf_std.o)
                              h:/program files (x86)/7.0/toolchain/avr8/avr8-gnu-toolchain/bin/../lib/gcc/avr/5.4.0/../../../../avr/lib/avr4\libc.a(sscanf.o) (vfscanf)
h:/program files (x86)/7.0/toolchain/avr8/avr8-gnu-toolchain/bin/../lib/gcc/avr/5.4.0/../../../../avr/lib/avr4\libc.a(isspace.o)
                              h:/program files (x86)/7.0/toolchain/avr8/avr8-gnu-toolchain/bin/../lib/gcc/avr/5.4.0/../../../../avr/lib/avr4\libc.a(vfscanf_std.o) (isspace)
h:/program files (x86)/7.0/toolchain/avr8/avr8-gnu-toolchain/bin/../lib/gcc/avr/5.4.0/../../../../avr/lib/avr4\libc.a(strchr_P.o)
                              h:/program files (x86)/7.0/toolchain/avr8/avr8-gnu-toolchain/bin/../lib/gcc/avr/5.4.0/../../../../avr/lib/avr4\libc.a(vfscanf_std.o) (strchr_P)
h:/program files (x86)/7.0/toolchain/avr8/avr8-gnu-toolchain/bin/../lib/gcc/avr/5.4.0/../../../../avr/lib/avr4\libc.a(strnlen_P.o)
                              h:/program files (x86)/7.0/toolchain/avr8/avr8-gnu-toolchain/bin/../lib/gcc/avr/5.4.0/../../../../avr/lib/avr4\libc.a(vfprintf_std.o) (strnlen_P)
h:/program files (x86)/7.0/toolchain/avr8/avr8-gnu-toolchain/bin/../lib/gcc/avr/5.4.0/../../../../avr/lib/avr4\libc.a(strnlen.o)
                              h:/program files (x86)/7.0/toolchain/avr8/avr8-gnu-toolchain/bin/../lib/gcc/avr/5.4.0/../../../../avr/lib/avr4\libc.a(vfprintf_std.o) (strnlen)
h:/program files (x86)/7.0/toolchain/avr8/avr8-gnu-toolchain/bin/../lib/gcc/avr/5.4.0/../../../../avr/lib/avr4\libc.a(fgetc.o)
                              h:/program files (x86)/7.0/toolchain/avr8/avr8-gnu-toolchain/bin/../lib/gcc/avr/5.4.0/../../../../avr/lib/avr4\libc.a(vfscanf_std.o) (fgetc)
h:/program files (x86)/7.0/toolchain/avr8/avr8-gnu-toolchain/bin/../lib/gcc/avr/5.4.0/../../../../avr/lib/avr4\libc.a(fputc.o)
                              h:/program files (x86)/7.0/toolchain/avr8/avr8-gnu-toolchain/bin/../lib/gcc/avr/5.4.0/../../../../avr/lib/avr4\libc.a(vfprintf_std.o) (fputc)
h:/program files (x86)/7.0/toolchain/avr8/avr8-gnu-toolchain/bin/../lib/gcc/avr/5.4.0/../../../../avr/lib/avr4\libc.a(ungetc.o)
                              h:/program files (x86)/7.0/toolchain/avr8/avr8-gnu-toolchain/bin/../lib/gcc/avr/5.4.0/../../../../avr/lib/avr4\libc.a(vfscanf_std.o) (ungetc)
h:/program files (x86)/7.0/toolchain/avr8/avr8-gnu-toolchain/bin/../lib/gcc/avr/5.4.0/../../../../avr/lib/avr4\libc.a(ultoa_invert.o)
                              h:/program files (x86)/7.0/toolchain/avr8/avr8-gnu-toolchain/bin/../lib/gcc/avr/5.4.0/../../../../avr/lib/avr4\libc.a(vfprintf_std.o) (__ultoa_invert)
h:/program files (x86)/7.0/toolchain/avr8/avr8-gnu-toolchain/bin/../lib/gcc/avr/5.4.0/../../../../avr/lib/avr4\libc.a(cty_isfalse.o)
                              h:/program files (x86)/7.0/toolchain/avr8/avr8-gnu-toolchain/bin/../lib/gcc/avr/5.4.0/../../../../avr/lib/avr4\libc.a(isspace.o) (__ctype_isfalse)
h:/program files (x86)/7.0/toolchain/avr8/avr8-gnu-toolchain/bin/../lib/gcc/avr/5.4.0/avr4\libgcc.a(_prologue.o)
                              h:/program files (x86)/7.0/toolchain/avr8/avr8-gnu-toolchain/bin/../lib/gcc/avr/5.4.0/../../../../avr/lib/avr4\libc.a(sprintf.o) (__prologue_saves__)
h:/program files (x86)/7.0/toolchain/avr8/avr8-gnu-toolchain/bin/../lib/gcc/avr/5.4.0/avr4\libgcc.a(_epilogue.o)
                              h:/program files (x86)/7.0/toolchain/avr8/avr8-gnu-toolchain/bin/../lib/gcc/avr/5.4.0/../../../../avr/lib/avr4\libc.a(sprintf.o) (__epilogue_restores__)

Discarded input sections

 .data          0x00000000        0x0 H:/Program Files (x86)/7.0/Packs/atmel/ATmega_DFP/1.3.300/gcc/dev/atmega8515/avr4/crtatmega8515.o
 .bss           0x00000000        0x0 H:/Program Files (x86)/7.0/Packs/atmel/ATmega_DFP/1.3.300/gcc/dev/atmega8515/avr4/crtatmega8515.o
 .text          0x00000000        0x0 main.o
 .data          0x00000000        0x0 main.o
 .bss           0x00000000        0x0 main.o
 .text._Z12timer0_delayv
                0x00000000       0x14 main.o
 .data.max_pos  0x00000000        0x2 main.o
 .text          0x00000000        0x0 UART/uart.o
 .data          0x00000000        0x0 UART/uart.o
 .bss           0x00000000        0x0 UART/uart.o
 .text._Z12UART_Receivev
                0x00000000        0x8 UART/uart.o
 .text._Z19UART_Receive_stringPhh
                0x00000000       0x5a UART/uart.o
 .text._Z10USART_Initj
                0x00000000       0x10 UART/uart.o
 .text._Z14USART_Transmith
                0x00000000        0x8 UART/uart.o
 .text._Z17USART_send_stringPKc
                0x00000000       0x1c UART/uart.o
 .text._Z20USART_send_string_lnPKc
                0x00000000        0xc UART/uart.o
 .text._Z13USART_Receivev
                0x00000000        0x8 UART/uart.o
 .text._Z11USART_Flushv
                0x00000000        0xc UART/uart.o
 .text          0x00000000        0x0 h:/program files (x86)/7.0/toolchain/avr8/avr8-gnu-toolchain/bin/../lib/gcc/avr/5.4.0/avr4\libgcc.a(_udivmodhi4.o)
 .data          0x00000000        0x0 h:/program files (x86)/7.0/toolchain/avr8/avr8-gnu-toolchain/bin/../lib/gcc/avr/5.4.0/avr4\libgcc.a(_udivmodhi4.o)
 .bss           0x00000000        0x0 h:/program files (x86)/7.0/toolchain/avr8/avr8-gnu-toolchain/bin/../lib/gcc/avr/5.4.0/avr4\libgcc.a(_udivmodhi4.o)
 .text.libgcc.mul
                0x00000000        0x0 h:/program files (x86)/7.0/toolchain/avr8/avr8-gnu-toolchain/bin/../lib/gcc/avr/5.4.0/avr4\libgcc.a(_udivmodhi4.o)
 .text.libgcc   0x00000000        0x0 h:/program files (x86)/7.0/toolchain/avr8/avr8-gnu-toolchain/bin/../lib/gcc/avr/5.4.0/avr4\libgcc.a(_udivmodhi4.o)
 .text.libgcc.prologue
                0x00000000        0x0 h:/program files (x86)/7.0/toolchain/avr8/avr8-gnu-toolchain/bin/../lib/gcc/avr/5.4.0/avr4\libgcc.a(_udivmodhi4.o)
 .text.libgcc.builtins
                0x00000000        0x0 h:/program files (x86)/7.0/toolchain/avr8/avr8-gnu-toolchain/bin/../lib/gcc/avr/5.4.0/avr4\libgcc.a(_udivmodhi4.o)
 .text.libgcc.fmul
                0x00000000        0x0 h:/program files (x86)/7.0/toolchain/avr8/avr8-gnu-toolchain/bin/../lib/gcc/avr/5.4.0/avr4\libgcc.a(_udivmodhi4.o)
 .text.libgcc.fixed
                0x00000000        0x0 h:/program files (x86)/7.0/toolchain/avr8/avr8-gnu-toolchain/bin/../lib/gcc/avr/5.4.0/avr4\libgcc.a(_udivmodhi4.o)
 .text          0x00000000        0x0 h:/program files (x86)/7.0/toolchain/avr8/avr8-gnu-toolchain/bin/../lib/gcc/avr/5.4.0/avr4\libgcc.a(_exit.o)
 .data          0x00000000        0x0 h:/program files (x86)/7.0/toolchain/avr8/avr8-gnu-toolchain/bin/../lib/gcc/avr/5.4.0/avr4\libgcc.a(_exit.o)
 .bss           0x00000000        0x0 h:/program files (x86)/7.0/toolchain/avr8/avr8-gnu-toolchain/bin/../lib/gcc/avr/5.4.0/avr4\libgcc.a(_exit.o)
 .text.libgcc.mul
                0x00000000        0x0 h:/program files (x86)/7.0/toolchain/avr8/avr8-gnu-toolchain/bin/../lib/gcc/avr/5.4.0/avr4\libgcc.a(_exit.o)
 .text.libgcc.div
                0x00000000        0x0 h:/program files (x86)/7.0/toolchain/avr8/avr8-gnu-toolchain/bin/../lib/gcc/avr/5.4.0/avr4\libgcc.a(_exit.o)
 .text.libgcc   0x00000000        0x0 h:/program files (x86)/7.0/toolchain/avr8/avr8-gnu-toolchain/bin/../lib/gcc/avr/5.4.0/avr4\libgcc.a(_exit.o)
 .text.libgcc.prologue
                0x00000000        0x0 h:/program files (x86)/7.0/toolchain/avr8/avr8-gnu-toolchain/bin/../lib/gcc/avr/5.4.0/avr4\libgcc.a(_exit.o)
 .text.libgcc.builtins
                0x00000000        0x0 h:/program files (x86)/7.0/toolchain/avr8/avr8-gnu-toolchain/bin/../lib/gcc/avr/5.4.0/avr4\libgcc.a(_exit.o)
 .text.libgcc.fmul
                0x00000000        0x0 h:/program files (x86)/7.0/toolchain/avr8/avr8-gnu-toolchain/bin/../lib/gcc/avr/5.4.0/avr4\libgcc.a(_exit.o)
 .text.libgcc.fixed
                0x00000000        0x0 h:/program files (x86)/7.0/toolchain/avr8/avr8-gnu-toolchain/bin/../lib/gcc/avr/5.4.0/avr4\libgcc.a(_exit.o)
 .text          0x00000000        0x0 h:/program files (x86)/7.0/toolchain/avr8/avr8-gnu-toolchain/bin/../lib/gcc/avr/5.4.0/avr4\libgcc.a(_copy_data.o)
 .data          0x00000000        0x0 h:/program files (x86)/7.0/toolchain/avr8/avr8-gnu-toolchain/bin/../lib/gcc/avr/5.4.0/avr4\libgcc.a(_copy_data.o)
 .bss           0x00000000        0x0 h:/program files (x86)/7.0/toolchain/avr8/avr8-gnu-toolchain/bin/../lib/gcc/avr/5.4.0/avr4\libgcc.a(_copy_data.o)
 .text.libgcc.mul
                0x00000000        0x0 h:/program files (x86)/7.0/toolchain/avr8/avr8-gnu-toolchain/bin/../lib/gcc/avr/5.4.0/avr4\libgcc.a(_copy_data.o)
 .text.libgcc.div
                0x00000000        0x0 h:/program files (x86)/7.0/toolchain/avr8/avr8-gnu-toolchain/bin/../lib/gcc/avr/5.4.0/avr4\libgcc.a(_copy_data.o)
 .text.libgcc   0x00000000        0x0 h:/program files (x86)/7.0/toolchain/avr8/avr8-gnu-toolchain/bin/../lib/gcc/avr/5.4.0/avr4\libgcc.a(_copy_data.o)
 .text.libgcc.prologue
                0x00000000        0x0 h:/program files (x86)/7.0/toolchain/avr8/avr8-gnu-toolchain/bin/../lib/gcc/avr/5.4.0/avr4\libgcc.a(_copy_data.o)
 .text.libgcc.builtins
                0x00000000        0x0 h:/program files (x86)/7.0/toolchain/avr8/avr8-gnu-toolchain/bin/../lib/gcc/avr/5.4.0/avr4\libgcc.a(_copy_data.o)
 .text.libgcc.fmul
                0x00000000        0x0 h:/program files (x86)/7.0/toolchain/avr8/avr8-gnu-toolchain/bin/../lib/gcc/avr/5.4.0/avr4\libgcc.a(_copy_data.o)
 .text.libgcc.fixed
                0x00000000        0x0 h:/program files (x86)/7.0/toolchain/avr8/avr8-gnu-toolchain/bin/../lib/gcc/avr/5.4.0/avr4\libgcc.a(_copy_data.o)
 .text          0x00000000        0x0 h:/program files (x86)/7.0/toolchain/avr8/avr8-gnu-toolchain/bin/../lib/gcc/avr/5.4.0/avr4\libgcc.a(_clear_bss.o)
 .data          0x00000000        0x0 h:/program files (x86)/7.0/toolchain/avr8/avr8-gnu-toolchain/bin/../lib/gcc/avr/5.4.0/avr4\libgcc.a(_clear_bss.o)
 .bss           0x00000000        0x0 h:/program files (x86)/7.0/toolchain/avr8/avr8-gnu-toolchain/bin/../lib/gcc/avr/5.4.0/avr4\libgcc.a(_clear_bss.o)
 .text.libgcc.mul
                0x00000000        0x0 h:/program files (x86)/7.0/toolchain/avr8/avr8-gnu-toolchain/bin/../lib/gcc/avr/5.4.0/avr4\libgcc.a(_clear_bss.o)
 .text.libgcc.div
                0x00000000        0x0 h:/program files (x86)/7.0/toolchain/avr8/avr8-gnu-toolchain/bin/../lib/gcc/avr/5.4.0/avr4\libgcc.a(_clear_bss.o)
 .text.libgcc   0x00000000        0x0 h:/program files (x86)/7.0/toolchain/avr8/avr8-gnu-toolchain/bin/../lib/gcc/avr/5.4.0/avr4\libgcc.a(_clear_bss.o)
 .text.libgcc.prologue
                0x00000000        0x0 h:/program files (x86)/7.0/toolchain/avr8/avr8-gnu-toolchain/bin/../lib/gcc/avr/5.4.0/avr4\libgcc.a(_clear_bss.o)
 .text.libgcc.builtins
                0x00000000        0x0 h:/program files (x86)/7.0/toolchain/avr8/avr8-gnu-toolchain/bin/../lib/gcc/avr/5.4.0/avr4\libgcc.a(_clear_bss.o)
 .text.libgcc.fmul
                0x00000000        0x0 h:/program files (x86)/7.0/toolchain/avr8/avr8-gnu-toolchain/bin/../lib/gcc/avr/5.4.0/avr4\libgcc.a(_clear_bss.o)
 .text.libgcc.fixed
                0x00000000        0x0 h:/program files (x86)/7.0/toolchain/avr8/avr8-gnu-toolchain/bin/../lib/gcc/avr/5.4.0/avr4\libgcc.a(_clear_bss.o)
 .text          0x00000000        0x0 h:/program files (x86)/7.0/toolchain/avr8/avr8-gnu-toolchain/bin/../lib/gcc/avr/5.4.0/avr4\libgcc.a(_umulhisi3.o)
 .data          0x00000000        0x0 h:/program files (x86)/7.0/toolchain/avr8/avr8-gnu-toolchain/bin/../lib/gcc/avr/5.4.0/avr4\libgcc.a(_umulhisi3.o)
 .bss           0x00000000        0x0 h:/program files (x86)/7.0/toolchain/avr8/avr8-gnu-toolchain/bin/../lib/gcc/avr/5.4.0/avr4\libgcc.a(_umulhisi3.o)
 .text.libgcc.div
                0x00000000        0x0 h:/program files (x86)/7.0/toolchain/avr8/avr8-gnu-toolchain/bin/../lib/gcc/avr/5.4.0/avr4\libgcc.a(_umulhisi3.o)
 .text.libgcc   0x00000000        0x0 h:/program files (x86)/7.0/toolchain/avr8/avr8-gnu-toolchain/bin/../lib/gcc/avr/5.4.0/avr4\libgcc.a(_umulhisi3.o)
 .text.libgcc.prologue
                0x00000000        0x0 h:/program files (x86)/7.0/toolchain/avr8/avr8-gnu-toolchain/bin/../lib/gcc/avr/5.4.0/avr4\libgcc.a(_umulhisi3.o)
 .text.libgcc.builtins
                0x00000000        0x0 h:/program files (x86)/7.0/toolchain/avr8/avr8-gnu-toolchain/bin/../lib/gcc/avr/5.4.0/avr4\libgcc.a(_umulhisi3.o)
 .text.libgcc.fmul
                0x00000000        0x0 h:/program files (x86)/7.0/toolchain/avr8/avr8-gnu-toolchain/bin/../lib/gcc/avr/5.4.0/avr4\libgcc.a(_umulhisi3.o)
 .text.libgcc.fixed
                0x00000000        0x0 h:/program files (x86)/7.0/toolchain/avr8/avr8-gnu-toolchain/bin/../lib/gcc/avr/5.4.0/avr4\libgcc.a(_umulhisi3.o)
 .text          0x00000000        0x0 h:/program files (x86)/7.0/toolchain/avr8/avr8-gnu-toolchain/bin/../lib/gcc/avr/5.4.0/../../../../avr/lib/avr4\libc.a(strcmp.o)
 .data          0x00000000        0x0 h:/program files (x86)/7.0/toolchain/avr8/avr8-gnu-toolchain/bin/../lib/gcc/avr/5.4.0/../../../../avr/lib/avr4\libc.a(strcmp.o)
 .bss           0x00000000        0x0 h:/program files (x86)/7.0/toolchain/avr8/avr8-gnu-toolchain/bin/../lib/gcc/avr/5.4.0/../../../../avr/lib/avr4\libc.a(strcmp.o)
 .text          0x00000000        0x0 h:/program files (x86)/7.0/toolchain/avr8/avr8-gnu-toolchain/bin/../lib/gcc/avr/5.4.0/../../../../avr/lib/avr4\libc.a(sprintf.o)
 .data          0x00000000        0x0 h:/program files (x86)/7.0/toolchain/avr8/avr8-gnu-toolchain/bin/../lib/gcc/avr/5.4.0/../../../../avr/lib/avr4\libc.a(sprintf.o)
 .bss           0x00000000        0x0 h:/program files (x86)/7.0/toolchain/avr8/avr8-gnu-toolchain/bin/../lib/gcc/avr/5.4.0/../../../../avr/lib/avr4\libc.a(sprintf.o)
 .text          0x00000000        0x0 h:/program files (x86)/7.0/toolchain/avr8/avr8-gnu-toolchain/bin/../lib/gcc/avr/5.4.0/../../../../avr/lib/avr4\libc.a(sscanf.o)
 .data          0x00000000        0x0 h:/program files (x86)/7.0/toolchain/avr8/avr8-gnu-toolchain/bin/../lib/gcc/avr/5.4.0/../../../../avr/lib/avr4\libc.a(sscanf.o)
 .bss           0x00000000        0x0 h:/program files (x86)/7.0/toolchain/avr8/avr8-gnu-toolchain/bin/../lib/gcc/avr/5.4.0/../../../../avr/lib/avr4\libc.a(sscanf.o)
 .text          0x00000000        0x0 h:/program files (x86)/7.0/toolchain/avr8/avr8-gnu-toolchain/bin/../lib/gcc/avr/5.4.0/../../../../avr/lib/avr4\libc.a(vfprintf_std.o)
 .data          0x00000000        0x0 h:/program files (x86)/7.0/toolchain/avr8/avr8-gnu-toolchain/bin/../lib/gcc/avr/5.4.0/../../../../avr/lib/avr4\libc.a(vfprintf_std.o)
 .bss           0x00000000        0x0 h:/program files (x86)/7.0/toolchain/avr8/avr8-gnu-toolchain/bin/../lib/gcc/avr/5.4.0/../../../../avr/lib/avr4\libc.a(vfprintf_std.o)
 .text          0x00000000        0x0 h:/program files (x86)/7.0/toolchain/avr8/avr8-gnu-toolchain/bin/../lib/gcc/avr/5.4.0/../../../../avr/lib/avr4\libc.a(vfscanf_std.o)
 .data          0x00000000        0x0 h:/program files (x86)/7.0/toolchain/avr8/avr8-gnu-toolchain/bin/../lib/gcc/avr/5.4.0/../../../../avr/lib/avr4\libc.a(vfscanf_std.o)
 .bss           0x00000000        0x0 h:/program files (x86)/7.0/toolchain/avr8/avr8-gnu-toolchain/bin/../lib/gcc/avr/5.4.0/../../../../avr/lib/avr4\libc.a(vfscanf_std.o)
 .text          0x00000000        0x0 h:/program files (x86)/7.0/toolchain/avr8/avr8-gnu-toolchain/bin/../lib/gcc/avr/5.4.0/../../../../avr/lib/avr4\libc.a(isspace.o)
 .data          0x00000000        0x0 h:/program files (x86)/7.0/toolchain/avr8/avr8-gnu-toolchain/bin/../lib/gcc/avr/5.4.0/../../../../avr/lib/avr4\libc.a(isspace.o)
 .bss           0x00000000        0x0 h:/program files (x86)/7.0/toolchain/avr8/avr8-gnu-toolchain/bin/../lib/gcc/avr/5.4.0/../../../../avr/lib/avr4\libc.a(isspace.o)
 .text          0x00000000        0x0 h:/program files (x86)/7.0/toolchain/avr8/avr8-gnu-toolchain/bin/../lib/gcc/avr/5.4.0/../../../../avr/lib/avr4\libc.a(strchr_P.o)
 .data          0x00000000        0x0 h:/program files (x86)/7.0/toolchain/avr8/avr8-gnu-toolchain/bin/../lib/gcc/avr/5.4.0/../../../../avr/lib/avr4\libc.a(strchr_P.o)
 .bss           0x00000000        0x0 h:/program files (x86)/7.0/toolchain/avr8/avr8-gnu-toolchain/bin/../lib/gcc/avr/5.4.0/../../../../avr/lib/avr4\libc.a(strchr_P.o)
 .text          0x00000000        0x0 h:/program files (x86)/7.0/toolchain/avr8/avr8-gnu-toolchain/bin/../lib/gcc/avr/5.4.0/../../../../avr/lib/avr4\libc.a(strnlen_P.o)
 .data          0x00000000        0x0 h:/program files (x86)/7.0/toolchain/avr8/avr8-gnu-toolchain/bin/../lib/gcc/avr/5.4.0/../../../../avr/lib/avr4\libc.a(strnlen_P.o)
 .bss           0x00000000        0x0 h:/program files (x86)/7.0/toolchain/avr8/avr8-gnu-toolchain/bin/../lib/gcc/avr/5.4.0/../../../../avr/lib/avr4\libc.a(strnlen_P.o)
 .text          0x00000000        0x0 h:/program files (x86)/7.0/toolchain/avr8/avr8-gnu-toolchain/bin/../lib/gcc/avr/5.4.0/../../../../avr/lib/avr4\libc.a(strnlen.o)
 .data          0x00000000        0x0 h:/program files (x86)/7.0/toolchain/avr8/avr8-gnu-toolchain/bin/../lib/gcc/avr/5.4.0/../../../../avr/lib/avr4\libc.a(strnlen.o)
 .bss           0x00000000        0x0 h:/program files (x86)/7.0/toolchain/avr8/avr8-gnu-toolchain/bin/../lib/gcc/avr/5.4.0/../../../../avr/lib/avr4\libc.a(strnlen.o)
 .text          0x00000000        0x0 h:/program files (x86)/7.0/toolchain/avr8/avr8-gnu-toolchain/bin/../lib/gcc/avr/5.4.0/../../../../avr/lib/avr4\libc.a(fgetc.o)
 .data          0x00000000        0x0 h:/program files (x86)/7.0/toolchain/avr8/avr8-gnu-toolchain/bin/../lib/gcc/avr/5.4.0/../../../../avr/lib/avr4\libc.a(fgetc.o)
 .bss           0x00000000        0x0 h:/program files (x86)/7.0/toolchain/avr8/avr8-gnu-toolchain/bin/../lib/gcc/avr/5.4.0/../../../../avr/lib/avr4\libc.a(fgetc.o)
 .text          0x00000000        0x0 h:/program files (x86)/7.0/toolchain/avr8/avr8-gnu-toolchain/bin/../lib/gcc/avr/5.4.0/../../../../avr/lib/avr4\libc.a(fputc.o)
 .data          0x00000000        0x0 h:/program files (x86)/7.0/toolchain/avr8/avr8-gnu-toolchain/bin/../lib/gcc/avr/5.4.0/../../../../avr/lib/avr4\libc.a(fputc.o)
 .bss           0x00000000        0x0 h:/program files (x86)/7.0/toolchain/avr8/avr8-gnu-toolchain/bin/../lib/gcc/avr/5.4.0/../../../../avr/lib/avr4\libc.a(fputc.o)
 .text          0x00000000        0x0 h:/program files (x86)/7.0/toolchain/avr8/avr8-gnu-toolchain/bin/../lib/gcc/avr/5.4.0/../../../../avr/lib/avr4\libc.a(ungetc.o)
 .data          0x00000000        0x0 h:/program files (x86)/7.0/toolchain/avr8/avr8-gnu-toolchain/bin/../lib/gcc/avr/5.4.0/../../../../avr/lib/avr4\libc.a(ungetc.o)
 .bss           0x00000000        0x0 h:/program files (x86)/7.0/toolchain/avr8/avr8-gnu-toolchain/bin/../lib/gcc/avr/5.4.0/../../../../avr/lib/avr4\libc.a(ungetc.o)
 .text          0x00000000        0x0 h:/program files (x86)/7.0/toolchain/avr8/avr8-gnu-toolchain/bin/../lib/gcc/avr/5.4.0/../../../../avr/lib/avr4\libc.a(ultoa_invert.o)
 .data          0x00000000        0x0 h:/program files (x86)/7.0/toolchain/avr8/avr8-gnu-toolchain/bin/../lib/gcc/avr/5.4.0/../../../../avr/lib/avr4\libc.a(ultoa_invert.o)
 .bss           0x00000000        0x0 h:/program files (x86)/7.0/toolchain/avr8/avr8-gnu-toolchain/bin/../lib/gcc/avr/5.4.0/../../../../avr/lib/avr4\libc.a(ultoa_invert.o)
 .text          0x00000000        0x0 h:/program files (x86)/7.0/toolchain/avr8/avr8-gnu-toolchain/bin/../lib/gcc/avr/5.4.0/../../../../avr/lib/avr4\libc.a(cty_isfalse.o)
 .data          0x00000000        0x0 h:/program files (x86)/7.0/toolchain/avr8/avr8-gnu-toolchain/bin/../lib/gcc/avr/5.4.0/../../../../avr/lib/avr4\libc.a(cty_isfalse.o)
 .bss           0x00000000        0x0 h:/program files (x86)/7.0/toolchain/avr8/avr8-gnu-toolchain/bin/../lib/gcc/avr/5.4.0/../../../../avr/lib/avr4\libc.a(cty_isfalse.o)
 .text          0x00000000        0x0 h:/program files (x86)/7.0/toolchain/avr8/avr8-gnu-toolchain/bin/../lib/gcc/avr/5.4.0/avr4\libgcc.a(_prologue.o)
 .data          0x00000000        0x0 h:/program files (x86)/7.0/toolchain/avr8/avr8-gnu-toolchain/bin/../lib/gcc/avr/5.4.0/avr4\libgcc.a(_prologue.o)
 .bss           0x00000000        0x0 h:/program files (x86)/7.0/toolchain/avr8/avr8-gnu-toolchain/bin/../lib/gcc/avr/5.4.0/avr4\libgcc.a(_prologue.o)
 .text.libgcc.mul
                0x00000000        0x0 h:/program files (x86)/7.0/toolchain/avr8/avr8-gnu-toolchain/bin/../lib/gcc/avr/5.4.0/avr4\libgcc.a(_prologue.o)
 .text.libgcc.div
                0x00000000        0x0 h:/program files (x86)/7.0/toolchain/avr8/avr8-gnu-toolchain/bin/../lib/gcc/avr/5.4.0/avr4\libgcc.a(_prologue.o)
 .text.libgcc   0x00000000        0x0 h:/program files (x86)/7.0/toolchain/avr8/avr8-gnu-toolchain/bin/../lib/gcc/avr/5.4.0/avr4\libgcc.a(_prologue.o)
 .text.libgcc.builtins
                0x00000000        0x0 h:/program files (x86)/7.0/toolchain/avr8/avr8-gnu-toolchain/bin/../lib/gcc/avr/5.4.0/avr4\libgcc.a(_prologue.o)
 .text.libgcc.fmul
                0x00000000        0x0 h:/program files (x86)/7.0/toolchain/avr8/avr8-gnu-toolchain/bin/../lib/gcc/avr/5.4.0/avr4\libgcc.a(_prologue.o)
 .text.libgcc.fixed
                0x00000000        0x0 h:/program files (x86)/7.0/toolchain/avr8/avr8-gnu-toolchain/bin/../lib/gcc/avr/5.4.0/avr4\libgcc.a(_prologue.o)
 .text          0x00000000        0x0 h:/program files (x86)/7.0/toolchain/avr8/avr8-gnu-toolchain/bin/../lib/gcc/avr/5.4.0/avr4\libgcc.a(_epilogue.o)
 .data          0x00000000        0x0 h:/program files (x86)/7.0/toolchain/avr8/avr8-gnu-toolchain/bin/../lib/gcc/avr/5.4.0/avr4\libgcc.a(_epilogue.o)
 .bss           0x00000000        0x0 h:/program files (x86)/7.0/toolchain/avr8/avr8-gnu-toolchain/bin/../lib/gcc/avr/5.4.0/avr4\libgcc.a(_epilogue.o)
 .text.libgcc.mul
                0x00000000        0x0 h:/program files (x86)/7.0/toolchain/avr8/avr8-gnu-toolchain/bin/../lib/gcc/avr/5.4.0/avr4\libgcc.a(_epilogue.o)
 .text.libgcc.div
                0x00000000        0x0 h:/program files (x86)/7.0/toolchain/avr8/avr8-gnu-toolchain/bin/../lib/gcc/avr/5.4.0/avr4\libgcc.a(_epilogue.o)
 .text.libgcc   0x00000000        0x0 h:/program files (x86)/7.0/toolchain/avr8/avr8-gnu-toolchain/bin/../lib/gcc/avr/5.4.0/avr4\libgcc.a(_epilogue.o)
 .text.libgcc.builtins
                0x00000000        0x0 h:/program files (x86)/7.0/toolchain/avr8/avr8-gnu-toolchain/bin/../lib/gcc/avr/5.4.0/avr4\libgcc.a(_epilogue.o)
 .text.libgcc.fmul
                0x00000000        0x0 h:/program files (x86)/7.0/toolchain/avr8/avr8-gnu-toolchain/bin/../lib/gcc/avr/5.4.0/avr4\libgcc.a(_epilogue.o)
 .text.libgcc.fixed
                0x00000000        0x0 h:/program files (x86)/7.0/toolchain/avr8/avr8-gnu-toolchain/bin/../lib/gcc/avr/5.4.0/avr4\libgcc.a(_epilogue.o)

Memory Configuration

Name             Origin             Length             Attributes
text             0x00000000         0x00002000         xr
data             0x00800060         0x0000ffa0         rw !x
eeprom           0x00810000         0x00010000         rw !x
fuse             0x00820000         0x00000002         rw !x
lock             0x00830000         0x00000400         rw !x
signature        0x00840000         0x00000400         rw !x
user_signatures  0x00850000         0x00000400         rw !x
*default*        0x00000000         0xffffffff

Linker script and memory map

LOAD H:/Program Files (x86)/7.0/Packs/atmel/ATmega_DFP/1.3.300/gcc/dev/atmega8515/avr4/crtatmega8515.o
LOAD main.o
LOAD UART/uart.o
START GROUP
LOAD h:/program files (x86)/7.0/toolchain/avr8/avr8-gnu-toolchain/bin/../lib/gcc/avr/5.4.0/../../../../avr/lib/avr4\libm.a
END GROUP
LOAD h:/program files (x86)/7.0/toolchain/avr8/avr8-gnu-toolchain/bin/../lib/gcc/avr/5.4.0/avr4\libgcc.a
LOAD h:/program files (x86)/7.0/toolchain/avr8/avr8-gnu-toolchain/bin/../lib/gcc/avr/5.4.0/../../../../avr/lib/avr4\libm.a
START GROUP
LOAD h:/program files (x86)/7.0/toolchain/avr8/avr8-gnu-toolchain/bin/../lib/gcc/avr/5.4.0/avr4\libgcc.a
LOAD h:/program files (x86)/7.0/toolchain/avr8/avr8-gnu-toolchain/bin/../lib/gcc/avr/5.4.0/../../../../avr/lib/avr4\libm.a
LOAD h:/program files (x86)/7.0/toolchain/avr8/avr8-gnu-toolchain/bin/../lib/gcc/avr/5.4.0/../../../../avr/lib/avr4\libc.a
LOAD H:/Program Files (x86)/7.0/Packs/atmel/ATmega_DFP/1.3.300/gcc/dev/atmega8515/avr4\libatmega8515.a
END GROUP
                0x00000000                __TEXT_REGION_ORIGIN__ = DEFINED (__TEXT_REGION_ORIGIN__)?__TEXT_REGION_ORIGIN__:0x0
                0x00800060                __DATA_REGION_ORIGIN__ = DEFINED (__DATA_REGION_ORIGIN__)?__DATA_REGION_ORIGIN__:0x800060
                0x00002000                __TEXT_REGION_LENGTH__ = DEFINED (__TEXT_REGION_LENGTH__)?__TEXT_REGION_LENGTH__:0x2000
                0x0000ffa0                __DATA_REGION_LENGTH__ = DEFINED (__DATA_REGION_LENGTH__)?__DATA_REGION_LENGTH__:0xffa0
                0x00010000                __EEPROM_REGION_LENGTH__ = DEFINED (__EEPROM_REGION_LENGTH__)?__EEPROM_REGION_LENGTH__:0x10000
                [0x00000002]                __FUSE_REGION_LENGTH__ = DEFINED (__FUSE_REGION_LENGTH__)?__FUSE_REGION_LENGTH__:0x400
                0x00000400                __LOCK_REGION_LENGTH__ = DEFINED (__LOCK_REGION_LENGTH__)?__LOCK_REGION_LENGTH__:0x400
                0x00000400                __SIGNATURE_REGION_LENGTH__ = DEFINED (__SIGNATURE_REGION_LENGTH__)?__SIGNATURE_REGION_LENGTH__:0x400
                0x00000400                __USER_SIGNATURE_REGION_LENGTH__ = DEFINED (__USER_SIGNATURE_REGION_LENGTH__)?__USER_SIGNATURE_REGION_LENGTH__:0x400

.hash
 *(.hash)

.dynsym
 *(.dynsym)

.dynstr
 *(.dynstr)

.gnu.version
 *(.gnu.version)

.gnu.version_d
 *(.gnu.version_d)

.gnu.version_r
 *(.gnu.version_r)

.rel.init
 *(.rel.init)

.rela.init
 *(.rela.init)

.rel.text
 *(.rel.text)
 *(.rel.text.*)
 *(.rel.gnu.linkonce.t*)

.rela.text
 *(.rela.text)
 *(.rela.text.*)
 *(.rela.gnu.linkonce.t*)

.rel.fini
 *(.rel.fini)

.rela.fini
 *(.rela.fini)

.rel.rodata
 *(.rel.rodata)
 *(.rel.rodata.*)
 *(.rel.gnu.linkonce.r*)

.rela.rodata
 *(.rela.rodata)
 *(.rela.rodata.*)
 *(.rela.gnu.linkonce.r*)

.rel.data
 *(.rel.data)
 *(.rel.data.*)
 *(.rel.gnu.linkonce.d*)

.rela.data
 *(.rela.data)
 *(.rela.data.*)
 *(.rela.gnu.linkonce.d*)

.rel.ctors
 *(.rel.ctors)

.rela.ctors
 *(.rela.ctors)

.rel.dtors
 *(.rel.dtors)

.rela.dtors
 *(.rela.dtors)

.rel.got
 *(.rel.got)

.rela.got
 *(.rela.got)

.rel.bss
 *(.rel.bss)

.rela.bss
 *(.rela.bss)

.rel.plt
 *(.rel.plt)

.rela.plt
 *(.rela.plt)

.text           0x00000000     0x15ec
 *(.vectors)
 .vectors       0x00000000       0x22 H:/Program Files (x86)/7.0/Packs/atmel/ATmega_DFP/1.3.300/gcc/dev/atmega8515/avr4/crtatmega8515.o
                0x00000000                __vector_default
                0x00000000                __vectors
 *(.vectors)
 *(.progmem.gcc*)
                0x00000022                . = ALIGN (0x2)
                0x00000022                __trampolines_start = .
 *(.trampolines)
 .trampolines   0x00000022        0x0 linker stubs
 *(.trampolines*)
                0x00000022                __trampolines_end = .
 *libprintf_flt.a:*(.progmem.data)
 *libc.a:*(.progmem.data)
 .progmem.data  0x00000022        0xc h:/program files (x86)/7.0/toolchain/avr8/avr8-gnu-toolchain/bin/../lib/gcc/avr/5.4.0/../../../../avr/lib/avr4\libc.a(vfscanf_std.o)
 *(.progmem*)
                0x0000002e                . = ALIGN (0x2)
 *(.jumptables)
 *(.jumptables*)
 *(.lowtext)
 *(.lowtext*)
                0x0000002e                __ctors_start = .
 *(.ctors)
                0x0000002e                __ctors_end = .
                0x0000002e                __dtors_start = .
 *(.dtors)
                0x0000002e                __dtors_end = .
 SORT(*)(.ctors)
 SORT(*)(.dtors)
 *(.init0)
 .init0         0x0000002e        0x0 H:/Program Files (x86)/7.0/Packs/atmel/ATmega_DFP/1.3.300/gcc/dev/atmega8515/avr4/crtatmega8515.o
                0x0000002e                __init
 *(.init0)
 *(.init1)
 *(.init1)
 *(.init2)
 .init2         0x0000002e        0xc H:/Program Files (x86)/7.0/Packs/atmel/ATmega_DFP/1.3.300/gcc/dev/atmega8515/avr4/crtatmega8515.o
 *(.init2)
 *(.init3)
 *(.init3)
 *(.init4)
 .init4         0x0000003a       0x16 h:/program files (x86)/7.0/toolchain/avr8/avr8-gnu-toolchain/bin/../lib/gcc/avr/5.4.0/avr4\libgcc.a(_copy_data.o)
                0x0000003a                __do_copy_data
 .init4         0x00000050       0x10 h:/program files (x86)/7.0/toolchain/avr8/avr8-gnu-toolchain/bin/../lib/gcc/avr/5.4.0/avr4\libgcc.a(_clear_bss.o)
                0x00000050                __do_clear_bss
 *(.init4)
 *(.init5)
 *(.init5)
 *(.init6)
 *(.init6)
 *(.init7)
 *(.init7)
 *(.init8)
 *(.init8)
 *(.init9)
 .init9         0x00000060        0x4 H:/Program Files (x86)/7.0/Packs/atmel/ATmega_DFP/1.3.300/gcc/dev/atmega8515/avr4/crtatmega8515.o
 *(.init9)
 *(.text)
 .text          0x00000064        0x2 H:/Program Files (x86)/7.0/Packs/atmel/ATmega_DFP/1.3.300/gcc/dev/atmega8515/avr4/crtatmega8515.o
                0x00000064                __vector_1
                0x00000064                __vector_12
                0x00000064                __bad_interrupt
                0x00000064                __vector_6
                0x00000064                __vector_3
                0x00000064                __vector_11
                0x00000064                __vector_13
                0x00000064                __vector_7
                0x00000064                __vector_5
                0x00000064                __vector_2
                0x00000064                __vector_15
                0x00000064                __vector_8
                0x00000064                __vector_14
                0x00000064                __vector_10
                0x00000064                __vector_16
                0x00000066                . = ALIGN (0x2)
 *(.text.*)
 .text.__vector_9
                0x00000066      0x346 main.o
                0x00000066                __vector_9
 .text.__vector_4
                0x000003ac      0x150 main.o
                0x000003ac                __vector_4
 .text._Z10timer1_iniv
                0x000004fc       0x1c main.o
                0x000004fc                _Z10timer1_iniv
 .text._Z8port_iniv
                0x00000518       0x10 main.o
                0x00000518                _Z8port_iniv
 .text._Z7var_iniv
                0x00000528       0x2a main.o
                0x00000528                _Z7var_iniv
 .text.main     0x00000552      0x42c main.o
                0x00000552                main
 .text._Z9UART_initRKj
                0x0000097e       0x16 UART/uart.o
                0x0000097e                _Z9UART_initRKj
 .text._Z14UART_send_byteh
                0x00000994        0x8 UART/uart.o
                0x00000994                _Z14UART_send_byteh
 .text._Z16UART_send_stringPKc
                0x0000099c       0x1c UART/uart.o
                0x0000099c                _Z16UART_send_stringPKc
 .text._Z19UART_send_string_lnPKc
                0x000009b8        0xc UART/uart.o
                0x000009b8                _Z19UART_send_string_lnPKc
 .text.libgcc.div
                0x000009c4       0x28 h:/program files (x86)/7.0/toolchain/avr8/avr8-gnu-toolchain/bin/../lib/gcc/avr/5.4.0/avr4\libgcc.a(_udivmodhi4.o)
                0x000009c4                __udivmodhi4
 .text.libgcc.mul
                0x000009ec       0x18 h:/program files (x86)/7.0/toolchain/avr8/avr8-gnu-toolchain/bin/../lib/gcc/avr/5.4.0/avr4\libgcc.a(_umulhisi3.o)
                0x000009ec                __umulhisi3
 .text.avr-libc
                0x00000a04       0x12 h:/program files (x86)/7.0/toolchain/avr8/avr8-gnu-toolchain/bin/../lib/gcc/avr/5.4.0/../../../../avr/lib/avr4\libc.a(strcmp.o)
                0x00000a04                strcmp
 .text.avr-libc
                0x00000a16       0x3e h:/program files (x86)/7.0/toolchain/avr8/avr8-gnu-toolchain/bin/../lib/gcc/avr/5.4.0/../../../../avr/lib/avr4\libc.a(sprintf.o)
                0x00000a16                sprintf
 .text.avr-libc
                0x00000a54       0x2c h:/program files (x86)/7.0/toolchain/avr8/avr8-gnu-toolchain/bin/../lib/gcc/avr/5.4.0/../../../../avr/lib/avr4\libc.a(sscanf.o)
                0x00000a54                sscanf
 .text.avr-libc
                0x00000a80      0x3a4 h:/program files (x86)/7.0/toolchain/avr8/avr8-gnu-toolchain/bin/../lib/gcc/avr/5.4.0/../../../../avr/lib/avr4\libc.a(vfprintf_std.o)
                0x00000a80                vfprintf
 .text.avr-libc
                0x00000e24      0x51c h:/program files (x86)/7.0/toolchain/avr8/avr8-gnu-toolchain/bin/../lib/gcc/avr/5.4.0/../../../../avr/lib/avr4\libc.a(vfscanf_std.o)
                0x0000113e                vfscanf
 .text.avr-libc
                0x00001340       0x10 h:/program files (x86)/7.0/toolchain/avr8/avr8-gnu-toolchain/bin/../lib/gcc/avr/5.4.0/../../../../avr/lib/avr4\libc.a(isspace.o)
                0x00001340                isspace
 .text.avr-libc
                0x00001350       0x16 h:/program files (x86)/7.0/toolchain/avr8/avr8-gnu-toolchain/bin/../lib/gcc/avr/5.4.0/../../../../avr/lib/avr4\libc.a(strchr_P.o)
                0x00001350                strchr_P
 .text.avr-libc
                0x00001366       0x16 h:/program files (x86)/7.0/toolchain/avr8/avr8-gnu-toolchain/bin/../lib/gcc/avr/5.4.0/../../../../avr/lib/avr4\libc.a(strnlen_P.o)
                0x00001366                strnlen_P
 .text.avr-libc
                0x0000137c       0x16 h:/program files (x86)/7.0/toolchain/avr8/avr8-gnu-toolchain/bin/../lib/gcc/avr/5.4.0/../../../../avr/lib/avr4\libc.a(strnlen.o)
                0x0000137c                strnlen
 .text.avr-libc
                0x00001392       0x7c h:/program files (x86)/7.0/toolchain/avr8/avr8-gnu-toolchain/bin/../lib/gcc/avr/5.4.0/../../../../avr/lib/avr4\libc.a(fgetc.o)
                0x00001392                fgetc
 .text.avr-libc
                0x0000140e       0x78 h:/program files (x86)/7.0/toolchain/avr8/avr8-gnu-toolchain/bin/../lib/gcc/avr/5.4.0/../../../../avr/lib/avr4\libc.a(fputc.o)
                0x0000140e                fputc
 .text.avr-libc
                0x00001486       0x32 h:/program files (x86)/7.0/toolchain/avr8/avr8-gnu-toolchain/bin/../lib/gcc/avr/5.4.0/../../../../avr/lib/avr4\libc.a(ungetc.o)
                0x00001486                ungetc
 .text.avr-libc
                0x000014b8       0xbc h:/program files (x86)/7.0/toolchain/avr8/avr8-gnu-toolchain/bin/../lib/gcc/avr/5.4.0/../../../../avr/lib/avr4\libc.a(ultoa_invert.o)
                0x000014b8                __ultoa_invert
 .text.avr-libc
                0x00001574        0x6 h:/program files (x86)/7.0/toolchain/avr8/avr8-gnu-toolchain/bin/../lib/gcc/avr/5.4.0/../../../../avr/lib/avr4\libc.a(cty_isfalse.o)
                0x00001574                __ctype_isfalse
                0x00001578                __ctype_istrue
 .text.libgcc.prologue
                0x0000157a       0x38 h:/program files (x86)/7.0/toolchain/avr8/avr8-gnu-toolchain/bin/../lib/gcc/avr/5.4.0/avr4\libgcc.a(_prologue.o)
                0x0000157a                __prologue_saves__
 .text.libgcc.prologue
                0x000015b2       0x36 h:/program files (x86)/7.0/toolchain/avr8/avr8-gnu-toolchain/bin/../lib/gcc/avr/5.4.0/avr4\libgcc.a(_epilogue.o)
                0x000015b2                __epilogue_restores__
                0x000015e8                . = ALIGN (0x2)
 *(.fini9)
 .fini9         0x000015e8        0x0 h:/program files (x86)/7.0/toolchain/avr8/avr8-gnu-toolchain/bin/../lib/gcc/avr/5.4.0/avr4\libgcc.a(_exit.o)
                0x000015e8                _exit
                0x000015e8                exit
 *(.fini9)
 *(.fini8)
 *(.fini8)
 *(.fini7)
 *(.fini7)
 *(.fini6)
 *(.fini6)
 *(.fini5)
 *(.fini5)
 *(.fini4)
 *(.fini4)
 *(.fini3)
 *(.fini3)
 *(.fini2)
 *(.fini2)
 *(.fini1)
 *(.fini1)
 *(.fini0)
 .fini0         0x000015e8        0x4 h:/program files (x86)/7.0/toolchain/avr8/avr8-gnu-toolchain/bin/../lib/gcc/avr/5.4.0/avr4\libgcc.a(_exit.o)
 *(.fini0)
                0x000015ec                _etext = .

.data           0x00800060       0xe8 load address 0x000015ec
                0x00800060                PROVIDE (__data_start, .)
 *(.data)
 *(.data*)
 .data.numberSegments
                0x00800060        0xa main.o
                0x00800060                numberSegments
 *(.gnu.linkonce.d*)
 *(.rodata)
 *(.rodata*)
 .rodata.str1.1
                0x0080006a       0xdd main.o
 *(.gnu.linkonce.r*)
                0x00800148                . = ALIGN (0x2)
 *fill*         0x00800147        0x1 
                0x00800148                _edata = .
                0x00800148                PROVIDE (__data_end, .)

.bss            0x00800148       0x3f
                0x00800148                PROVIDE (__bss_start, .)
 *(.bss)
 *(.bss*)
 .bss.set_time  0x00800148        0x1 main.o
                0x00800148                set_time
 .bss.set_date  0x00800149        0x1 main.o
                0x00800149                set_date
 .bss.count_char
                0x0080014a        0x2 main.o
                0x0080014a                count_char
 .bss.msg       0x0080014c       0x32 main.o
                0x0080014c                msg
 .bss.rData     0x0080017e        0x1 main.o
                0x0080017e                rData
 .bss.year      0x0080017f        0x2 main.o
                0x0080017f                year
 .bss.disp_flag
                0x00800181        0x1 main.o
                0x00800181                disp_flag
 .bss.month     0x00800182        0x1 main.o
                0x00800182                month
 .bss.date      0x00800183        0x1 main.o
                0x00800183                date
 .bss.hour      0x00800184        0x1 main.o
                0x00800184                hour
 .bss.minute    0x00800185        0x1 main.o
                0x00800185                minute
 .bss.second    0x00800186        0x1 main.o
                0x00800186                second
 *(COMMON)
                0x00800187                PROVIDE (__bss_end, .)
                0x000015ec                __data_load_start = LOADADDR (.data)
                0x000016d4                __data_load_end = (__data_load_start + SIZEOF (.data))

.noinit         0x00800187        0x0
                [!provide]                PROVIDE (__noinit_start, .)
 *(.noinit*)
                [!provide]                PROVIDE (__noinit_end, .)
                0x00800187                _end = .
                [!provide]                PROVIDE (__heap_start, .)

.eeprom         0x00810000        0x0
 *(.eeprom*)
                0x00810000                __eeprom_end = .

.fuse
 *(.fuse)
 *(.lfuse)
 *(.hfuse)
 *(.efuse)

.lock
 *(.lock*)

.signature
 *(.signature*)

.user_signatures
 *(.user_signatures*)

.stab
 *(.stab)

.stabstr
 *(.stabstr)

.stab.excl
 *(.stab.excl)

.stab.exclstr
 *(.stab.exclstr)

.stab.index
 *(.stab.index)

.stab.indexstr
 *(.stab.indexstr)

.comment        0x00000000       0x5c
 *(.comment)
 .comment       0x00000000       0x30 main.o
                                 0x31 (size before relaxing)
 .comment       0x00000030       0x31 UART/uart.o
 .comment       0x00000030       0x31 h:/program files (x86)/7.0/toolchain/avr8/avr8-gnu-toolchain/bin/../lib/gcc/avr/5.4.0/../../../../avr/lib/avr4\libc.a(sprintf.o)
 .comment       0x00000030       0x31 h:/program files (x86)/7.0/toolchain/avr8/avr8-gnu-toolchain/bin/../lib/gcc/avr/5.4.0/../../../../avr/lib/avr4\libc.a(sscanf.o)
 .comment       0x00000030       0x2c h:/program files (x86)/7.0/toolchain/avr8/avr8-gnu-toolchain/bin/../lib/gcc/avr/5.4.0/../../../../avr/lib/avr4\libc.a(vfprintf_std.o)
                                 0x2d (size before relaxing)
 .comment       0x0000005c       0x2d h:/program files (x86)/7.0/toolchain/avr8/avr8-gnu-toolchain/bin/../lib/gcc/avr/5.4.0/../../../../avr/lib/avr4\libc.a(vfscanf_std.o)
 .comment       0x0000005c       0x31 h:/program files (x86)/7.0/toolchain/avr8/avr8-gnu-toolchain/bin/../lib/gcc/avr/5.4.0/../../../../avr/lib/avr4\libc.a(fgetc.o)
 .comment       0x0000005c       0x31 h:/program files (x86)/7.0/toolchain/avr8/avr8-gnu-toolchain/bin/../lib/gcc/avr/5.4.0/../../../../avr/lib/avr4\libc.a(fputc.o)
 .comment       0x0000005c       0x31 h:/program files (x86)/7.0/toolchain/avr8/avr8-gnu-toolchain/bin/../lib/gcc/avr/5.4.0/../../../../avr/lib/avr4\libc.a(ungetc.o)

.note.gnu.avr.deviceinfo
                0x00000000       0x40
 .note.gnu.avr.deviceinfo
                0x00000000       0x40 H:/Program Files (x86)/7.0/Packs/atmel/ATmega_DFP/1.3.300/gcc/dev/atmega8515/avr4/crtatmega8515.o

.note.gnu.build-id
 *(.note.gnu.build-id)

.debug
 *(.debug)

.line
 *(.line)

.debug_srcinfo
 *(.debug_srcinfo)

.debug_sfnames
 *(.debug_sfnames)

.debug_aranges  0x00000000       0xc8
 *(.debug_aranges)
 .debug_aranges
                0x00000000       0x50 main.o
 .debug_aranges
                0x00000050       0x78 UART/uart.o

.debug_pubnames
 *(.debug_pubnames)

.debug_info     0x00000000     0x1112
 *(.debug_info .gnu.linkonce.wi.*)
 .debug_info    0x00000000      0x3ea H:/Program Files (x86)/7.0/Packs/atmel/ATmega_DFP/1.3.300/gcc/dev/atmega8515/avr4/crtatmega8515.o
 .debug_info    0x000003ea      0x9d3 main.o
 .debug_info    0x00000dbd      0x355 UART/uart.o

.debug_abbrev   0x00000000      0x708
 *(.debug_abbrev)
 .debug_abbrev  0x00000000      0x3b5 H:/Program Files (x86)/7.0/Packs/atmel/ATmega_DFP/1.3.300/gcc/dev/atmega8515/avr4/crtatmega8515.o
 .debug_abbrev  0x000003b5      0x200 main.o
 .debug_abbrev  0x000005b5      0x153 UART/uart.o

.debug_line     0x00000000      0xaaa
 *(.debug_line .debug_line.* .debug_line_end)
 .debug_line    0x00000000       0xfd H:/Program Files (x86)/7.0/Packs/atmel/ATmega_DFP/1.3.300/gcc/dev/atmega8515/avr4/crtatmega8515.o
 .debug_line    0x000000fd      0x745 main.o
 .debug_line    0x00000842      0x268 UART/uart.o

.debug_frame    0x00000000      0x238
 *(.debug_frame)
 .debug_frame   0x00000000      0x130 main.o
 .debug_frame   0x00000130      0x108 UART/uart.o

.debug_str      0x00000000      0x628
 *(.debug_str)
 .debug_str     0x00000000      0x149 H:/Program Files (x86)/7.0/Packs/atmel/ATmega_DFP/1.3.300/gcc/dev/atmega8515/avr4/crtatmega8515.o
 .debug_str     0x00000149      0x359 main.o
                                0x3a9 (size before relaxing)
 .debug_str     0x000004a2      0x186 UART/uart.o
                                0x393 (size before relaxing)

.debug_loc      0x00000000      0x879
 *(.debug_loc)
 .debug_loc     0x00000000      0x5de main.o
 .debug_loc     0x000005de      0x29b UART/uart.o

.debug_macinfo
 *(.debug_macinfo)

.debug_weaknames
 *(.debug_weaknames)

.debug_funcnames
 *(.debug_funcnames)

.debug_typenames
 *(.debug_typenames)

.debug_varnames
 *(.debug_varnames)

.debug_pubtypes
 *(.debug_pubtypes)

.debug_ranges   0x00000000       0xc0
 *(.debug_ranges)
 .debug_ranges  0x00000000       0x58 main.o
 .debug_ranges  0x00000058       0x68 UART/uart.o

.debug_macro
 *(.debug_macro)
OUTPUT(CPP_Project.elf elf32-avr)
LOAD linker stubs
